2026-09-30 18:36:25,020 - INFO - ==========================================
2026-09-30 18:36:25,020 - INFO - Loan Pipeline Started
2026-09-30 18:36:25,020 - INFO - ==========================================
2026-09-30 18:36:25,020 - INFO - Loading dataset from: artifacts/data/raw/loan_guard_dataset.csv
2026-09-30 18:36:25,050 - INFO - Handling duplicate records
2026-09-30 18:36:25,062 - INFO - Handling missing values
2026-09-30 18:36:25,076 - INFO - Starting Full EDA Execution
2026-09-30 18:36:25,076 - INFO - Generating Univariate Numerical Distributions
2026-09-30 18:36:27,213 - INFO - Saved numerical univariate chart to artifacts/visuals\Univariate Analysis - Numerical Variables Distribution.png
2026-09-30 18:36:27,213 - INFO - Generating Univariate Categorical Composition
2026-09-30 18:36:27,537 - INFO - Saved categorical univariate chart to artifacts/visuals\Univariate Analysis - Categorical Variables Composition.png
2026-09-30 18:36:27,537 - INFO - Generating Bivariate Boxplots against Loan_Default
2026-09-30 18:36:29,333 - INFO - Saved numerical bivariate boxplots to artifacts/visuals\BI-Variate Analysis - Numerical Variables vs Target Variable Distribution.png
2026-09-30 18:36:29,333 - INFO - Generating Bivariate Stacked Bars against Loan_Default
2026-09-30 18:36:29,871 - INFO - Saved categorical bivariate stacked bars to artifacts/visuals\BI-Variate Analysis - Categorical Variables vs Target Variable Distribution.png
2026-09-30 18:36:29,871 - INFO - Full EDA Execution Completed Successfully
2026-09-30 18:36:29,871 - INFO - Splitting features and target
2026-09-30 18:36:29,872 - INFO - Encoding categorical variables
2026-09-30 18:36:29,878 - INFO - Train-test split
2026-09-30 18:36:29,952 - INFO - Training Random Forest model
2026-09-30 18:36:31,195 - INFO - Making predictions and evaluating
2026-09-30 18:36:31,229 - INFO - Saving model artifact to: artifacts/models/loan_rf_model.joblib
2026-09-30 18:36:31,264 - INFO - Pipeline completed successfully
